<?xml version="1.0" encoding="UTF-8"?>
<testsuites name="Mocha Tests" time="24.5370" tests="15" failures="0">
  <testsuite name="Root Suite" timestamp="2022-01-06T09:08:28" tests="0" time="0.0000" failures="0">
  </testsuite>
  <testsuite name="User posts" timestamp="2022-01-06T09:08:28" tests="2" file="C:\Users\xkarimjonov\super-api-tests\test\posts.js" time="4.3340" failures="0">
    <testcase name="User posts /posts" time="1.4490" classname="/posts">
    </testcase>
    <testcase name="User posts Get posts/id" time="1.4240" classname="Get posts/id">
    </testcase>
  </testsuite>
  <testsuite name="Negative tests" timestamp="2022-01-06T09:08:32" tests="2" file="C:\Users\xkarimjonov\super-api-tests\test\posts.js" time="4.4010" failures="0">
    <testcase name="Negative tests 401 autentification failed" time="1.4690" classname="401 autentification failed">
    </testcase>
    <testcase name="Negative tests 422 validation failed" time="1.5070" classname="422 validation failed">
    </testcase>
  </testsuite>
  <testsuite name="Users" timestamp="2022-01-06T09:08:37" tests="0" file="C:\Users\xkarimjonov\super-api-tests\test\users.advanced.js" time="0.0000" failures="0">
  </testsuite>
  <testsuite name="POST" timestamp="2022-01-06T09:08:37" tests="1" file="C:\Users\xkarimjonov\super-api-tests\test\users.advanced.js" time="1.4560" failures="0">
    <testcase name="Users POST /users" time="1.4540" classname="/users">
    </testcase>
  </testsuite>
  <testsuite name="GET" timestamp="2022-01-06T09:08:38" tests="3" file="C:\Users\xkarimjonov\super-api-tests\test\users.advanced.js" time="4.3300" failures="0">
    <testcase name="Users GET /users" time="1.4210" classname="/users">
    </testcase>
    <testcase name="Users GET /users/id" time="1.4530" classname="/users/id">
    </testcase>
    <testcase name="Users GET /users with query params" time="1.4560" classname="/users with query params">
    </testcase>
  </testsuite>
  <testsuite name="PUT" timestamp="2022-01-06T09:08:42" tests="1" file="C:\Users\xkarimjonov\super-api-tests\test\users.advanced.js" time="1.4790" failures="0">
    <testcase name="Users PUT /users/id" time="1.4780" classname="/users/id">
    </testcase>
  </testsuite>
  <testsuite name="DELETE" timestamp="2022-01-06T09:08:44" tests="1" file="C:\Users\xkarimjonov\super-api-tests\test\users.advanced.js" time="1.4430" failures="0">
    <testcase name="Users DELETE /users/:id" time="1.4420" classname="/users/:id">
    </testcase>
  </testsuite>
  <testsuite name="Users" timestamp="2022-01-06T09:08:45" tests="5" file="C:\Users\xkarimjonov\super-api-tests\test\users.js" time="7.0920" failures="0">
    <testcase name="Users GET /users" time="1.4280" classname="GET /users">
    </testcase>
    <testcase name="Users GET/users/id" time="1.4090" classname="GET/users/id">
    </testcase>
    <testcase name="Users GET/users with query params" time="1.4180" classname="GET/users with query params">
    </testcase>
    <testcase name="Users POST /users" time="1.4030" classname="POST /users">
    </testcase>
    <testcase name="Users PUT /users/id" time="1.4310" classname="PUT /users/id">
    </testcase>
  </testsuite>
</testsuites>